Analysis & Synthesis report for RL_binary
Fri Nov 25 00:47:22 2022
Quartus Prime Version 22.1std.0 Build 915 10/25/2022 SC Lite Edition


---------------------
; Table of Contents ;
---------------------
  1. Legal Notice
  2. Analysis & Synthesis Summary
  3. Analysis & Synthesis Settings
  4. Parallel Compilation
  5. Analysis & Synthesis Source Files Read
  6. Analysis & Synthesis Resource Usage Summary
  7. Analysis & Synthesis Resource Utilization by Entity
  8. Analysis & Synthesis DSP Block Usage Summary
  9. State Machine - |RL_binary|state
 10. State Machine - |RL_binary|mod_exp:me_2|mont_mult:mm_2|flag
 11. State Machine - |RL_binary|mod_exp:me_2|mont_mult:mm_1|flag
 12. State Machine - |RL_binary|mod_exp:me_2|long_div:ld_2|flag
 13. State Machine - |RL_binary|mod_exp:me_2|long_div:ld_1|flag
 14. State Machine - |RL_binary|mod_exp:me_1|mont_mult:mm_2|flag
 15. State Machine - |RL_binary|mod_exp:me_1|mont_mult:mm_1|flag
 16. State Machine - |RL_binary|mod_exp:me_1|long_div:ld_2|flag
 17. State Machine - |RL_binary|mod_exp:me_1|long_div:ld_1|flag
 18. Registers Removed During Synthesis
 19. Removed Registers Triggering Further Register Optimizations
 20. General Register Statistics
 21. Inverted Register Statistics
 22. Multiplexer Restructuring Statistics (Restructuring Performed)
 23. Parameter Settings for User Entity Instance: Top-level Entity: |RL_binary
 24. Parameter Settings for Inferred Entity Instance: mod_exp:me_1|mont_mult:mm_2|lpm_divide:Mod0
 25. Parameter Settings for Inferred Entity Instance: mod_exp:me_1|mont_mult:mm_1|lpm_divide:Mod0
 26. Parameter Settings for Inferred Entity Instance: mod_exp:me_2|mont_mult:mm_2|lpm_divide:Mod0
 27. Parameter Settings for Inferred Entity Instance: mod_exp:me_2|mont_mult:mm_1|lpm_divide:Mod0
 28. Port Connectivity Checks: "mod_exp:me_1|mont_mult:mm_2"
 29. Port Connectivity Checks: "get_length:gl_RL"
 30. Post-Synthesis Netlist Statistics for Top Partition
 31. Elapsed Time Per Partition
 32. Analysis & Synthesis Messages
 33. Analysis & Synthesis Suppressed Messages



----------------
; Legal Notice ;
----------------
Copyright (C) 2022  Intel Corporation. All rights reserved.
Your use of Intel Corporation's design tools, logic functions 
and other software and tools, and any partner logic 
functions, and any output files from any of the foregoing 
(including device programming or simulation files), and any 
associated documentation or information are expressly subject 
to the terms and conditions of the Intel Program License 
Subscription Agreement, the Intel Quartus Prime License Agreement,
the Intel FPGA IP License Agreement, or other applicable license
agreement, including, without limitation, that your use is for
the sole purpose of programming logic devices manufactured by
Intel and sold by Intel or its authorized distributors.  Please
refer to the applicable agreement for further details, at
https://fpgasoftware.intel.com/eula.



+----------------------------------------------------------------------------------+
; Analysis & Synthesis Summary                                                     ;
+---------------------------------+------------------------------------------------+
; Analysis & Synthesis Status     ; Successful - Fri Nov 25 00:47:22 2022          ;
; Quartus Prime Version           ; 22.1std.0 Build 915 10/25/2022 SC Lite Edition ;
; Revision Name                   ; RL_binary                                      ;
; Top-level Entity Name           ; RL_binary                                      ;
; Family                          ; Cyclone V                                      ;
; Logic utilization (in ALMs)     ; N/A                                            ;
; Total registers                 ; 891                                            ;
; Total pins                      ; 131                                            ;
; Total virtual pins              ; 0                                              ;
; Total block memory bits         ; 0                                              ;
; Total DSP Blocks                ; 28                                             ;
; Total HSSI RX PCSs              ; 0                                              ;
; Total HSSI PMA RX Deserializers ; 0                                              ;
; Total HSSI TX PCSs              ; 0                                              ;
; Total HSSI PMA TX Serializers   ; 0                                              ;
; Total PLLs                      ; 0                                              ;
; Total DLLs                      ; 0                                              ;
+---------------------------------+------------------------------------------------+


+---------------------------------------------------------------------------------------------------------------------------+
; Analysis & Synthesis Settings                                                                                             ;
+---------------------------------------------------------------------------------+--------------------+--------------------+
; Option                                                                          ; Setting            ; Default Value      ;
+---------------------------------------------------------------------------------+--------------------+--------------------+
; Device                                                                          ; 5CEBA9F31C8        ;                    ;
; Top-level entity name                                                           ; RL_binary          ; RL_binary          ;
; Family name                                                                     ; Cyclone V          ; Cyclone V          ;
; Use smart compilation                                                           ; Off                ; Off                ;
; Enable parallel Assembler and Timing Analyzer during compilation                ; On                 ; On                 ;
; Enable compact report table                                                     ; Off                ; Off                ;
; Restructure Multiplexers                                                        ; Auto               ; Auto               ;
; MLAB Add Timing Constraints For Mixed-Port Feed-Through Mode Setting Don't Care ; Off                ; Off                ;
; Create Debugging Nodes for IP Cores                                             ; Off                ; Off                ;
; Preserve fewer node names                                                       ; On                 ; On                 ;
; Intel FPGA IP Evaluation Mode                                                   ; Enable             ; Enable             ;
; Verilog Version                                                                 ; Verilog_2001       ; Verilog_2001       ;
; VHDL Version                                                                    ; VHDL_1993          ; VHDL_1993          ;
; State Machine Processing                                                        ; Auto               ; Auto               ;
; Safe State Machine                                                              ; Off                ; Off                ;
; Extract Verilog State Machines                                                  ; On                 ; On                 ;
; Extract VHDL State Machines                                                     ; On                 ; On                 ;
; Ignore Verilog initial constructs                                               ; Off                ; Off                ;
; Iteration limit for constant Verilog loops                                      ; 5000               ; 5000               ;
; Iteration limit for non-constant Verilog loops                                  ; 250                ; 250                ;
; Add Pass-Through Logic to Inferred RAMs                                         ; On                 ; On                 ;
; Infer RAMs from Raw Logic                                                       ; On                 ; On                 ;
; Parallel Synthesis                                                              ; On                 ; On                 ;
; DSP Block Balancing                                                             ; Auto               ; Auto               ;
; NOT Gate Push-Back                                                              ; On                 ; On                 ;
; Power-Up Don't Care                                                             ; On                 ; On                 ;
; Remove Redundant Logic Cells                                                    ; Off                ; Off                ;
; Remove Duplicate Registers                                                      ; On                 ; On                 ;
; Ignore CARRY Buffers                                                            ; Off                ; Off                ;
; Ignore CASCADE Buffers                                                          ; Off                ; Off                ;
; Ignore GLOBAL Buffers                                                           ; Off                ; Off                ;
; Ignore ROW GLOBAL Buffers                                                       ; Off                ; Off                ;
; Ignore LCELL Buffers                                                            ; Off                ; Off                ;
; Ignore SOFT Buffers                                                             ; On                 ; On                 ;
; Limit AHDL Integers to 32 Bits                                                  ; Off                ; Off                ;
; Optimization Technique                                                          ; Balanced           ; Balanced           ;
; Carry Chain Length                                                              ; 70                 ; 70                 ;
; Auto Carry Chains                                                               ; On                 ; On                 ;
; Auto Open-Drain Pins                                                            ; On                 ; On                 ;
; Perform WYSIWYG Primitive Resynthesis                                           ; Off                ; Off                ;
; Auto ROM Replacement                                                            ; On                 ; On                 ;
; Auto RAM Replacement                                                            ; On                 ; On                 ;
; Auto DSP Block Replacement                                                      ; On                 ; On                 ;
; Auto Shift Register Replacement                                                 ; Auto               ; Auto               ;
; Allow Shift Register Merging across Hierarchies                                 ; Auto               ; Auto               ;
; Auto Clock Enable Replacement                                                   ; On                 ; On                 ;
; Strict RAM Replacement                                                          ; Off                ; Off                ;
; Allow Synchronous Control Signals                                               ; On                 ; On                 ;
; Force Use of Synchronous Clear Signals                                          ; Off                ; Off                ;
; Auto Resource Sharing                                                           ; Off                ; Off                ;
; Allow Any RAM Size For Recognition                                              ; Off                ; Off                ;
; Allow Any ROM Size For Recognition                                              ; Off                ; Off                ;
; Allow Any Shift Register Size For Recognition                                   ; Off                ; Off                ;
; Use LogicLock Constraints during Resource Balancing                             ; On                 ; On                 ;
; Ignore translate_off and synthesis_off directives                               ; Off                ; Off                ;
; Timing-Driven Synthesis                                                         ; On                 ; On                 ;
; Report Parameter Settings                                                       ; On                 ; On                 ;
; Report Source Assignments                                                       ; On                 ; On                 ;
; Report Connectivity Checks                                                      ; On                 ; On                 ;
; Ignore Maximum Fan-Out Assignments                                              ; Off                ; Off                ;
; Synchronization Register Chain Length                                           ; 3                  ; 3                  ;
; Power Optimization During Synthesis                                             ; Normal compilation ; Normal compilation ;
; HDL message level                                                               ; Level2             ; Level2             ;
; Suppress Register Optimization Related Messages                                 ; Off                ; Off                ;
; Number of Removed Registers Reported in Synthesis Report                        ; 5000               ; 5000               ;
; Number of Swept Nodes Reported in Synthesis Report                              ; 5000               ; 5000               ;
; Number of Inverted Registers Reported in Synthesis Report                       ; 100                ; 100                ;
; Clock MUX Protection                                                            ; On                 ; On                 ;
; Auto Gated Clock Conversion                                                     ; Off                ; Off                ;
; Block Design Naming                                                             ; Auto               ; Auto               ;
; SDC constraint protection                                                       ; Off                ; Off                ;
; Synthesis Effort                                                                ; Auto               ; Auto               ;
; Shift Register Replacement - Allow Asynchronous Clear Signal                    ; On                 ; On                 ;
; Pre-Mapping Resynthesis Optimization                                            ; Off                ; Off                ;
; Analysis & Synthesis Message Level                                              ; Medium             ; Medium             ;
; Disable Register Merging Across Hierarchies                                     ; Auto               ; Auto               ;
; Resource Aware Inference For Block RAM                                          ; On                 ; On                 ;
; Automatic Parallel Synthesis                                                    ; On                 ; On                 ;
; Partial Reconfiguration Bitstream ID                                            ; Off                ; Off                ;
+---------------------------------------------------------------------------------+--------------------+--------------------+


+------------------------------------------+
; Parallel Compilation                     ;
+----------------------------+-------------+
; Processors                 ; Number      ;
+----------------------------+-------------+
; Number detected on machine ; 16          ;
; Maximum allowed            ; 12          ;
;                            ;             ;
; Average used               ; 1.01        ;
; Maximum used               ; 12          ;
;                            ;             ;
; Usage by Processor         ; % Time Used ;
;     Processor 1            ; 100.0%      ;
;     Processor 2            ;   0.1%      ;
;     Processor 3            ;   0.1%      ;
;     Processor 4            ;   0.1%      ;
;     Processor 5            ;   0.1%      ;
;     Processor 6            ;   0.1%      ;
;     Processor 7            ;   0.1%      ;
;     Processor 8            ;   0.1%      ;
;     Processors 9-12        ;   0.0%      ;
+----------------------------+-------------+


+-----------------------------------------------------------------------------------------------------------------------------------------------------------------------------+
; Analysis & Synthesis Source Files Read                                                                                                                                      ;
+----------------------------------+-----------------+------------------------------+-------------------------------------------------------------------------------+---------+
; File Name with User-Entered Path ; Used in Netlist ; File Type                    ; File Name with Absolute Path                                                  ; Library ;
+----------------------------------+-----------------+------------------------------+-------------------------------------------------------------------------------+---------+
; RL_binary.v                      ; yes             ; User Verilog HDL File        ; C:/Users/bpssw/Desktop/QuartusPrime/RL_binary/RL_binary.v                     ;         ;
; get_length.v                     ; yes             ; User Verilog HDL File        ; C:/Users/bpssw/Desktop/QuartusPrime/RL_binary/get_length.v                    ;         ;
; mod_exp.v                        ; yes             ; User Verilog HDL File        ; C:/Users/bpssw/Desktop/QuartusPrime/RL_binary/mod_exp.v                       ;         ;
; mont_mult.v                      ; yes             ; User Verilog HDL File        ; C:/Users/bpssw/Desktop/QuartusPrime/RL_binary/mont_mult.v                     ;         ;
; long_div.v                       ; yes             ; User Verilog HDL File        ; C:/Users/bpssw/Desktop/QuartusPrime/RL_binary/long_div.v                      ;         ;
; lpm_divide.tdf                   ; yes             ; Megafunction                 ; c:/intelfpga_lite/22.1std/quartus/libraries/megafunctions/lpm_divide.tdf      ;         ;
; abs_divider.inc                  ; yes             ; Megafunction                 ; c:/intelfpga_lite/22.1std/quartus/libraries/megafunctions/abs_divider.inc     ;         ;
; sign_div_unsign.inc              ; yes             ; Megafunction                 ; c:/intelfpga_lite/22.1std/quartus/libraries/megafunctions/sign_div_unsign.inc ;         ;
; aglobal221.inc                   ; yes             ; Megafunction                 ; c:/intelfpga_lite/22.1std/quartus/libraries/megafunctions/aglobal221.inc      ;         ;
; db/lpm_divide_62m.tdf            ; yes             ; Auto-Generated Megafunction  ; C:/Users/bpssw/Desktop/QuartusPrime/RL_binary/db/lpm_divide_62m.tdf           ;         ;
; db/sign_div_unsign_9kh.tdf       ; yes             ; Auto-Generated Megafunction  ; C:/Users/bpssw/Desktop/QuartusPrime/RL_binary/db/sign_div_unsign_9kh.tdf      ;         ;
; db/alt_u_div_ose.tdf             ; yes             ; Auto-Generated Megafunction  ; C:/Users/bpssw/Desktop/QuartusPrime/RL_binary/db/alt_u_div_ose.tdf            ;         ;
+----------------------------------+-----------------+------------------------------+-------------------------------------------------------------------------------+---------+


+----------------------------------------------------------+
; Analysis & Synthesis Resource Usage Summary              ;
+---------------------------------------------+------------+
; Resource                                    ; Usage      ;
+---------------------------------------------+------------+
; Estimate of Logic utilization (ALMs needed) ; 1463       ;
;                                             ;            ;
; Combinational ALUT usage for logic          ; 2297       ;
;     -- 7 input functions                    ; 47         ;
;     -- 6 input functions                    ; 445        ;
;     -- 5 input functions                    ; 207        ;
;     -- 4 input functions                    ; 245        ;
;     -- <=3 input functions                  ; 1353       ;
;                                             ;            ;
; Dedicated logic registers                   ; 891        ;
;                                             ;            ;
; I/O pins                                    ; 131        ;
;                                             ;            ;
; Total DSP Blocks                            ; 28         ;
;                                             ;            ;
; Maximum fan-out node                        ; rstn~input ;
; Maximum fan-out                             ; 891        ;
; Total fan-out                               ; 13619      ;
; Average fan-out                             ; 3.92       ;
+---------------------------------------------+------------+


+-------------------------------------------------------------------------------------------------------------------------------------------------------------------------------------------------------------------------------------------------------------------------------------------------------------------------------------+
; Analysis & Synthesis Resource Utilization by Entity                                                                                                                                                                                                                                                                                 ;
+----------------------------------------------+---------------------+---------------------------+-------------------+------------+------+--------------+----------------------------------------------------------------------------------------------------------------------------------------+---------------------+--------------+
; Compilation Hierarchy Node                   ; Combinational ALUTs ; Dedicated Logic Registers ; Block Memory Bits ; DSP Blocks ; Pins ; Virtual Pins ; Full Hierarchy Name                                                                                                                    ; Entity Name         ; Library Name ;
+----------------------------------------------+---------------------+---------------------------+-------------------+------------+------+--------------+----------------------------------------------------------------------------------------------------------------------------------------+---------------------+--------------+
; |RL_binary                                   ; 2297 (70)           ; 891 (79)                  ; 0                 ; 28         ; 131  ; 0            ; |RL_binary                                                                                                                             ; RL_binary           ; work         ;
;    |get_length:gl_RL|                        ; 26 (26)             ; 50 (50)                   ; 0                 ; 0          ; 0    ; 0            ; |RL_binary|get_length:gl_RL                                                                                                            ; get_length          ; work         ;
;    |mod_exp:me_1|                            ; 1073 (3)            ; 381 (3)                   ; 0                 ; 14         ; 0    ; 0            ; |RL_binary|mod_exp:me_1                                                                                                                ; mod_exp             ; work         ;
;       |long_div:ld_1|                        ; 270 (244)           ; 139 (59)                  ; 0                 ; 3          ; 0    ; 0            ; |RL_binary|mod_exp:me_1|long_div:ld_1                                                                                                  ; long_div            ; work         ;
;          |get_length:gl_ld|                  ; 26 (26)             ; 80 (80)                   ; 0                 ; 0          ; 0    ; 0            ; |RL_binary|mod_exp:me_1|long_div:ld_1|get_length:gl_ld                                                                                 ; get_length          ; work         ;
;       |long_div:ld_2|                        ; 270 (244)           ; 139 (59)                  ; 0                 ; 3          ; 0    ; 0            ; |RL_binary|mod_exp:me_1|long_div:ld_2                                                                                                  ; long_div            ; work         ;
;          |get_length:gl_ld|                  ; 26 (26)             ; 80 (80)                   ; 0                 ; 0          ; 0    ; 0            ; |RL_binary|mod_exp:me_1|long_div:ld_2|get_length:gl_ld                                                                                 ; get_length          ; work         ;
;       |mont_mult:mm_1|                       ; 265 (228)           ; 50 (50)                   ; 0                 ; 4          ; 0    ; 0            ; |RL_binary|mod_exp:me_1|mont_mult:mm_1                                                                                                 ; mont_mult           ; work         ;
;          |lpm_divide:Mod0|                   ; 37 (0)              ; 0 (0)                     ; 0                 ; 0          ; 0    ; 0            ; |RL_binary|mod_exp:me_1|mont_mult:mm_1|lpm_divide:Mod0                                                                                 ; lpm_divide          ; work         ;
;             |lpm_divide_62m:auto_generated|  ; 37 (0)              ; 0 (0)                     ; 0                 ; 0          ; 0    ; 0            ; |RL_binary|mod_exp:me_1|mont_mult:mm_1|lpm_divide:Mod0|lpm_divide_62m:auto_generated                                                   ; lpm_divide_62m      ; work         ;
;                |sign_div_unsign_9kh:divider| ; 37 (0)              ; 0 (0)                     ; 0                 ; 0          ; 0    ; 0            ; |RL_binary|mod_exp:me_1|mont_mult:mm_1|lpm_divide:Mod0|lpm_divide_62m:auto_generated|sign_div_unsign_9kh:divider                       ; sign_div_unsign_9kh ; work         ;
;                   |alt_u_div_ose:divider|    ; 37 (37)             ; 0 (0)                     ; 0                 ; 0          ; 0    ; 0            ; |RL_binary|mod_exp:me_1|mont_mult:mm_1|lpm_divide:Mod0|lpm_divide_62m:auto_generated|sign_div_unsign_9kh:divider|alt_u_div_ose:divider ; alt_u_div_ose       ; work         ;
;       |mont_mult:mm_2|                       ; 265 (228)           ; 50 (50)                   ; 0                 ; 4          ; 0    ; 0            ; |RL_binary|mod_exp:me_1|mont_mult:mm_2                                                                                                 ; mont_mult           ; work         ;
;          |lpm_divide:Mod0|                   ; 37 (0)              ; 0 (0)                     ; 0                 ; 0          ; 0    ; 0            ; |RL_binary|mod_exp:me_1|mont_mult:mm_2|lpm_divide:Mod0                                                                                 ; lpm_divide          ; work         ;
;             |lpm_divide_62m:auto_generated|  ; 37 (0)              ; 0 (0)                     ; 0                 ; 0          ; 0    ; 0            ; |RL_binary|mod_exp:me_1|mont_mult:mm_2|lpm_divide:Mod0|lpm_divide_62m:auto_generated                                                   ; lpm_divide_62m      ; work         ;
;                |sign_div_unsign_9kh:divider| ; 37 (0)              ; 0 (0)                     ; 0                 ; 0          ; 0    ; 0            ; |RL_binary|mod_exp:me_1|mont_mult:mm_2|lpm_divide:Mod0|lpm_divide_62m:auto_generated|sign_div_unsign_9kh:divider                       ; sign_div_unsign_9kh ; work         ;
;                   |alt_u_div_ose:divider|    ; 37 (37)             ; 0 (0)                     ; 0                 ; 0          ; 0    ; 0            ; |RL_binary|mod_exp:me_1|mont_mult:mm_2|lpm_divide:Mod0|lpm_divide_62m:auto_generated|sign_div_unsign_9kh:divider|alt_u_div_ose:divider ; alt_u_div_ose       ; work         ;
;    |mod_exp:me_2|                            ; 1128 (3)            ; 381 (3)                   ; 0                 ; 14         ; 0    ; 0            ; |RL_binary|mod_exp:me_2                                                                                                                ; mod_exp             ; work         ;
;       |long_div:ld_1|                        ; 307 (281)           ; 139 (59)                  ; 0                 ; 3          ; 0    ; 0            ; |RL_binary|mod_exp:me_2|long_div:ld_1                                                                                                  ; long_div            ; work         ;
;          |get_length:gl_ld|                  ; 26 (26)             ; 80 (80)                   ; 0                 ; 0          ; 0    ; 0            ; |RL_binary|mod_exp:me_2|long_div:ld_1|get_length:gl_ld                                                                                 ; get_length          ; work         ;
;       |long_div:ld_2|                        ; 270 (244)           ; 139 (59)                  ; 0                 ; 3          ; 0    ; 0            ; |RL_binary|mod_exp:me_2|long_div:ld_2                                                                                                  ; long_div            ; work         ;
;          |get_length:gl_ld|                  ; 26 (26)             ; 80 (80)                   ; 0                 ; 0          ; 0    ; 0            ; |RL_binary|mod_exp:me_2|long_div:ld_2|get_length:gl_ld                                                                                 ; get_length          ; work         ;
;       |mont_mult:mm_1|                       ; 265 (228)           ; 50 (50)                   ; 0                 ; 4          ; 0    ; 0            ; |RL_binary|mod_exp:me_2|mont_mult:mm_1                                                                                                 ; mont_mult           ; work         ;
;          |lpm_divide:Mod0|                   ; 37 (0)              ; 0 (0)                     ; 0                 ; 0          ; 0    ; 0            ; |RL_binary|mod_exp:me_2|mont_mult:mm_1|lpm_divide:Mod0                                                                                 ; lpm_divide          ; work         ;
;             |lpm_divide_62m:auto_generated|  ; 37 (0)              ; 0 (0)                     ; 0                 ; 0          ; 0    ; 0            ; |RL_binary|mod_exp:me_2|mont_mult:mm_1|lpm_divide:Mod0|lpm_divide_62m:auto_generated                                                   ; lpm_divide_62m      ; work         ;
;                |sign_div_unsign_9kh:divider| ; 37 (0)              ; 0 (0)                     ; 0                 ; 0          ; 0    ; 0            ; |RL_binary|mod_exp:me_2|mont_mult:mm_1|lpm_divide:Mod0|lpm_divide_62m:auto_generated|sign_div_unsign_9kh:divider                       ; sign_div_unsign_9kh ; work         ;
;                   |alt_u_div_ose:divider|    ; 37 (37)             ; 0 (0)                     ; 0                 ; 0          ; 0    ; 0            ; |RL_binary|mod_exp:me_2|mont_mult:mm_1|lpm_divide:Mod0|lpm_divide_62m:auto_generated|sign_div_unsign_9kh:divider|alt_u_div_ose:divider ; alt_u_div_ose       ; work         ;
;       |mont_mult:mm_2|                       ; 283 (246)           ; 50 (50)                   ; 0                 ; 4          ; 0    ; 0            ; |RL_binary|mod_exp:me_2|mont_mult:mm_2                                                                                                 ; mont_mult           ; work         ;
;          |lpm_divide:Mod0|                   ; 37 (0)              ; 0 (0)                     ; 0                 ; 0          ; 0    ; 0            ; |RL_binary|mod_exp:me_2|mont_mult:mm_2|lpm_divide:Mod0                                                                                 ; lpm_divide          ; work         ;
;             |lpm_divide_62m:auto_generated|  ; 37 (0)              ; 0 (0)                     ; 0                 ; 0          ; 0    ; 0            ; |RL_binary|mod_exp:me_2|mont_mult:mm_2|lpm_divide:Mod0|lpm_divide_62m:auto_generated                                                   ; lpm_divide_62m      ; work         ;
;                |sign_div_unsign_9kh:divider| ; 37 (0)              ; 0 (0)                     ; 0                 ; 0          ; 0    ; 0            ; |RL_binary|mod_exp:me_2|mont_mult:mm_2|lpm_divide:Mod0|lpm_divide_62m:auto_generated|sign_div_unsign_9kh:divider                       ; sign_div_unsign_9kh ; work         ;
;                   |alt_u_div_ose:divider|    ; 37 (37)             ; 0 (0)                     ; 0                 ; 0          ; 0    ; 0            ; |RL_binary|mod_exp:me_2|mont_mult:mm_2|lpm_divide:Mod0|lpm_divide_62m:auto_generated|sign_div_unsign_9kh:divider|alt_u_div_ose:divider ; alt_u_div_ose       ; work         ;
+----------------------------------------------+---------------------+---------------------------+-------------------+------------+------+--------------+----------------------------------------------------------------------------------------------------------------------------------------+---------------------+--------------+
Note: For table entries with two numbers listed, the numbers in parentheses indicate the number of resources of the given type used by the specific entity alone. The numbers listed outside of parentheses indicate the total resources of the given type used by the specific entity and all of its sub-entities in the hierarchy.


+-----------------------------------------------+
; Analysis & Synthesis DSP Block Usage Summary  ;
+---------------------------------+-------------+
; Statistic                       ; Number Used ;
+---------------------------------+-------------+
; Two Independent 18x18           ; 16          ;
; Independent 18x18 plus 36       ; 8           ;
; Sum of two 18x18                ; 4           ;
; Total number of DSP blocks      ; 28          ;
;                                 ;             ;
; Fixed Point Unsigned Multiplier ; 32          ;
+---------------------------------+-------------+


Encoding Type:  One-Hot
+--------------------------------------------------------------------------+
; State Machine - |RL_binary|state                                         ;
+---------------+-------------+-------------+--------------+---------------+
; Name          ; state.FLAG1 ; state.FLAG0 ; state.GETLEN ; state.STANDBY ;
+---------------+-------------+-------------+--------------+---------------+
; state.STANDBY ; 0           ; 0           ; 0            ; 0             ;
; state.GETLEN  ; 0           ; 0           ; 1            ; 1             ;
; state.FLAG0   ; 0           ; 1           ; 0            ; 1             ;
; state.FLAG1   ; 1           ; 0           ; 0            ; 1             ;
+---------------+-------------+-------------+--------------+---------------+


Encoding Type:  One-Hot
+-------------------------------------------------------------+
; State Machine - |RL_binary|mod_exp:me_2|mont_mult:mm_2|flag ;
+---------+---------+---------+-------------------------------+
; Name    ; flag.00 ; flag.10 ; flag.01                       ;
+---------+---------+---------+-------------------------------+
; flag.00 ; 0       ; 0       ; 0                             ;
; flag.01 ; 1       ; 0       ; 1                             ;
; flag.10 ; 1       ; 1       ; 0                             ;
+---------+---------+---------+-------------------------------+


Encoding Type:  One-Hot
+-------------------------------------------------------------+
; State Machine - |RL_binary|mod_exp:me_2|mont_mult:mm_1|flag ;
+---------+---------+---------+-------------------------------+
; Name    ; flag.00 ; flag.10 ; flag.01                       ;
+---------+---------+---------+-------------------------------+
; flag.00 ; 0       ; 0       ; 0                             ;
; flag.01 ; 1       ; 0       ; 1                             ;
; flag.10 ; 1       ; 1       ; 0                             ;
+---------+---------+---------+-------------------------------+


Encoding Type:  One-Hot
+------------------------------------------------------------+
; State Machine - |RL_binary|mod_exp:me_2|long_div:ld_2|flag ;
+---------+---------+---------+---------+--------------------+
; Name    ; flag.11 ; flag.10 ; flag.01 ; flag.00            ;
+---------+---------+---------+---------+--------------------+
; flag.00 ; 0       ; 0       ; 0       ; 0                  ;
; flag.01 ; 0       ; 0       ; 1       ; 1                  ;
; flag.10 ; 0       ; 1       ; 0       ; 1                  ;
; flag.11 ; 1       ; 0       ; 0       ; 1                  ;
+---------+---------+---------+---------+--------------------+


Encoding Type:  One-Hot
+------------------------------------------------------------+
; State Machine - |RL_binary|mod_exp:me_2|long_div:ld_1|flag ;
+---------+---------+---------+---------+--------------------+
; Name    ; flag.11 ; flag.10 ; flag.01 ; flag.00            ;
+---------+---------+---------+---------+--------------------+
; flag.00 ; 0       ; 0       ; 0       ; 0                  ;
; flag.01 ; 0       ; 0       ; 1       ; 1                  ;
; flag.10 ; 0       ; 1       ; 0       ; 1                  ;
; flag.11 ; 1       ; 0       ; 0       ; 1                  ;
+---------+---------+---------+---------+--------------------+


Encoding Type:  One-Hot
+-------------------------------------------------------------+
; State Machine - |RL_binary|mod_exp:me_1|mont_mult:mm_2|flag ;
+---------+---------+---------+-------------------------------+
; Name    ; flag.00 ; flag.10 ; flag.01                       ;
+---------+---------+---------+-------------------------------+
; flag.00 ; 0       ; 0       ; 0                             ;
; flag.01 ; 1       ; 0       ; 1                             ;
; flag.10 ; 1       ; 1       ; 0                             ;
+---------+---------+---------+-------------------------------+


Encoding Type:  One-Hot
+-------------------------------------------------------------+
; State Machine - |RL_binary|mod_exp:me_1|mont_mult:mm_1|flag ;
+---------+---------+---------+-------------------------------+
; Name    ; flag.00 ; flag.10 ; flag.01                       ;
+---------+---------+---------+-------------------------------+
; flag.00 ; 0       ; 0       ; 0                             ;
; flag.01 ; 1       ; 0       ; 1                             ;
; flag.10 ; 1       ; 1       ; 0                             ;
+---------+---------+---------+-------------------------------+


Encoding Type:  One-Hot
+------------------------------------------------------------+
; State Machine - |RL_binary|mod_exp:me_1|long_div:ld_2|flag ;
+---------+---------+---------+---------+--------------------+
; Name    ; flag.11 ; flag.10 ; flag.01 ; flag.00            ;
+---------+---------+---------+---------+--------------------+
; flag.00 ; 0       ; 0       ; 0       ; 0                  ;
; flag.01 ; 0       ; 0       ; 1       ; 1                  ;
; flag.10 ; 0       ; 1       ; 0       ; 1                  ;
; flag.11 ; 1       ; 0       ; 0       ; 1                  ;
+---------+---------+---------+---------+--------------------+


Encoding Type:  One-Hot
+------------------------------------------------------------+
; State Machine - |RL_binary|mod_exp:me_1|long_div:ld_1|flag ;
+---------+---------+---------+---------+--------------------+
; Name    ; flag.11 ; flag.10 ; flag.01 ; flag.00            ;
+---------+---------+---------+---------+--------------------+
; flag.00 ; 0       ; 0       ; 0       ; 0                  ;
; flag.01 ; 0       ; 0       ; 1       ; 1                  ;
; flag.10 ; 0       ; 1       ; 0       ; 1                  ;
; flag.11 ; 1       ; 0       ; 0       ; 1                  ;
+---------+---------+---------+---------+--------------------+


+---------------------------------------------------------------------------------------------------+
; Registers Removed During Synthesis                                                                ;
+----------------------------------------------------------+----------------------------------------+
; Register name                                            ; Reason for Removal                     ;
+----------------------------------------------------------+----------------------------------------+
; get_length:gl_RL|num[32..63]                             ; Stuck at GND due to stuck port data_in ;
; state~4                                                  ; Lost fanout                            ;
; state~5                                                  ; Lost fanout                            ;
; mod_exp:me_2|long_div:ld_2|flag~8                        ; Lost fanout                            ;
; mod_exp:me_2|long_div:ld_2|flag~9                        ; Lost fanout                            ;
; mod_exp:me_2|long_div:ld_1|flag~8                        ; Lost fanout                            ;
; mod_exp:me_2|long_div:ld_1|flag~9                        ; Lost fanout                            ;
; mod_exp:me_1|long_div:ld_2|flag~8                        ; Lost fanout                            ;
; mod_exp:me_1|long_div:ld_2|flag~9                        ; Lost fanout                            ;
; mod_exp:me_1|long_div:ld_1|flag~8                        ; Lost fanout                            ;
; mod_exp:me_1|long_div:ld_1|flag~9                        ; Lost fanout                            ;
; mod_exp:me_1|mont_mult:mm_2|index[5..7]                  ; Lost fanout                            ;
; mod_exp:me_1|long_div:ld_1|j[6,7]                        ; Lost fanout                            ;
; mod_exp:me_1|mont_mult:mm_1|index[5..7]                  ; Lost fanout                            ;
; mod_exp:me_1|long_div:ld_2|j[6,7]                        ; Lost fanout                            ;
; mod_exp:me_1|long_div:ld_1|m_len[6,7]                    ; Lost fanout                            ;
; mod_exp:me_1|long_div:ld_2|m_len[6,7]                    ; Lost fanout                            ;
; mod_exp:me_1|long_div:ld_1|get_length:gl_ld|len_out[6,7] ; Lost fanout                            ;
; mod_exp:me_1|long_div:ld_2|get_length:gl_ld|len_out[6,7] ; Lost fanout                            ;
; mod_exp:me_2|mont_mult:mm_2|index[5..7]                  ; Lost fanout                            ;
; mod_exp:me_2|long_div:ld_1|j[6,7]                        ; Lost fanout                            ;
; mod_exp:me_2|mont_mult:mm_1|index[5..7]                  ; Lost fanout                            ;
; mod_exp:me_2|long_div:ld_2|j[6,7]                        ; Lost fanout                            ;
; mod_exp:me_2|long_div:ld_1|m_len[6,7]                    ; Lost fanout                            ;
; mod_exp:me_2|long_div:ld_2|m_len[6,7]                    ; Lost fanout                            ;
; mod_exp:me_2|long_div:ld_1|get_length:gl_ld|len_out[6,7] ; Lost fanout                            ;
; mod_exp:me_2|long_div:ld_2|get_length:gl_ld|len_out[6,7] ; Lost fanout                            ;
; Total Number of Removed Registers = 78                   ;                                        ;
+----------------------------------------------------------+----------------------------------------+


+--------------------------------------------------------------------------------------------------------------------------------------------------+
; Removed Registers Triggering Further Register Optimizations                                                                                      ;
+--------------------------------------+---------------------------+-------------------------------------------------------------------------------+
; Register name                        ; Reason for Removal        ; Registers Removed due to This Register                                        ;
+--------------------------------------+---------------------------+-------------------------------------------------------------------------------+
; get_length:gl_RL|num[63]             ; Stuck at GND              ; get_length:gl_RL|num[62], get_length:gl_RL|num[61], get_length:gl_RL|num[60], ;
;                                      ; due to stuck port data_in ; get_length:gl_RL|num[59], get_length:gl_RL|num[58], get_length:gl_RL|num[57], ;
;                                      ;                           ; get_length:gl_RL|num[56], get_length:gl_RL|num[55], get_length:gl_RL|num[54], ;
;                                      ;                           ; get_length:gl_RL|num[53], get_length:gl_RL|num[52], get_length:gl_RL|num[51], ;
;                                      ;                           ; get_length:gl_RL|num[50], get_length:gl_RL|num[49], get_length:gl_RL|num[48], ;
;                                      ;                           ; get_length:gl_RL|num[47], get_length:gl_RL|num[46], get_length:gl_RL|num[45], ;
;                                      ;                           ; get_length:gl_RL|num[44], get_length:gl_RL|num[43], get_length:gl_RL|num[42], ;
;                                      ;                           ; get_length:gl_RL|num[41], get_length:gl_RL|num[40], get_length:gl_RL|num[39], ;
;                                      ;                           ; get_length:gl_RL|num[38], get_length:gl_RL|num[37], get_length:gl_RL|num[36], ;
;                                      ;                           ; get_length:gl_RL|num[35], get_length:gl_RL|num[34], get_length:gl_RL|num[33], ;
;                                      ;                           ; get_length:gl_RL|num[32]                                                      ;
; mod_exp:me_1|mont_mult:mm_2|index[7] ; Lost Fanouts              ; mod_exp:me_1|mont_mult:mm_2|index[6], mod_exp:me_1|mont_mult:mm_2|index[5]    ;
; mod_exp:me_1|long_div:ld_1|j[6]      ; Lost Fanouts              ; mod_exp:me_1|long_div:ld_1|m_len[6],                                          ;
;                                      ;                           ; mod_exp:me_1|long_div:ld_1|get_length:gl_ld|len_out[6]                        ;
; mod_exp:me_1|long_div:ld_1|j[7]      ; Lost Fanouts              ; mod_exp:me_1|long_div:ld_1|m_len[7],                                          ;
;                                      ;                           ; mod_exp:me_1|long_div:ld_1|get_length:gl_ld|len_out[7]                        ;
; mod_exp:me_1|mont_mult:mm_1|index[7] ; Lost Fanouts              ; mod_exp:me_1|mont_mult:mm_1|index[6], mod_exp:me_1|mont_mult:mm_1|index[5]    ;
; mod_exp:me_1|long_div:ld_2|j[6]      ; Lost Fanouts              ; mod_exp:me_1|long_div:ld_2|m_len[6],                                          ;
;                                      ;                           ; mod_exp:me_1|long_div:ld_2|get_length:gl_ld|len_out[6]                        ;
; mod_exp:me_1|long_div:ld_2|j[7]      ; Lost Fanouts              ; mod_exp:me_1|long_div:ld_2|m_len[7],                                          ;
;                                      ;                           ; mod_exp:me_1|long_div:ld_2|get_length:gl_ld|len_out[7]                        ;
; mod_exp:me_2|mont_mult:mm_2|index[7] ; Lost Fanouts              ; mod_exp:me_2|mont_mult:mm_2|index[6], mod_exp:me_2|mont_mult:mm_2|index[5]    ;
; mod_exp:me_2|long_div:ld_1|j[6]      ; Lost Fanouts              ; mod_exp:me_2|long_div:ld_1|m_len[6],                                          ;
;                                      ;                           ; mod_exp:me_2|long_div:ld_1|get_length:gl_ld|len_out[6]                        ;
; mod_exp:me_2|long_div:ld_1|j[7]      ; Lost Fanouts              ; mod_exp:me_2|long_div:ld_1|m_len[7],                                          ;
;                                      ;                           ; mod_exp:me_2|long_div:ld_1|get_length:gl_ld|len_out[7]                        ;
; mod_exp:me_2|mont_mult:mm_1|index[7] ; Lost Fanouts              ; mod_exp:me_2|mont_mult:mm_1|index[6], mod_exp:me_2|mont_mult:mm_1|index[5]    ;
; mod_exp:me_2|long_div:ld_2|j[6]      ; Lost Fanouts              ; mod_exp:me_2|long_div:ld_2|m_len[6],                                          ;
;                                      ;                           ; mod_exp:me_2|long_div:ld_2|get_length:gl_ld|len_out[6]                        ;
; mod_exp:me_2|long_div:ld_2|j[7]      ; Lost Fanouts              ; mod_exp:me_2|long_div:ld_2|m_len[7],                                          ;
;                                      ;                           ; mod_exp:me_2|long_div:ld_2|get_length:gl_ld|len_out[7]                        ;
+--------------------------------------+---------------------------+-------------------------------------------------------------------------------+


+------------------------------------------------------+
; General Register Statistics                          ;
+----------------------------------------------+-------+
; Statistic                                    ; Value ;
+----------------------------------------------+-------+
; Total registers                              ; 891   ;
; Number of registers using Synchronous Clear  ; 348   ;
; Number of registers using Synchronous Load   ; 339   ;
; Number of registers using Asynchronous Clear ; 891   ;
; Number of registers using Asynchronous Load  ; 0     ;
; Number of registers using Clock Enable       ; 771   ;
; Number of registers using Preset             ; 0     ;
+----------------------------------------------+-------+


+------------------------------------------------------------------+
; Inverted Register Statistics                                     ;
+--------------------------------------------------------+---------+
; Inverted Register                                      ; Fan out ;
+--------------------------------------------------------+---------+
; get_length:gl_RL|len_out[0]                            ; 30      ;
; get_length:gl_RL|len_out[1]                            ; 35      ;
; get_length:gl_RL|len_out[6]                            ; 7       ;
; get_length:gl_RL|len_out[7]                            ; 7       ;
; get_length:gl_RL|len_out[5]                            ; 7       ;
; get_length:gl_RL|len_out[4]                            ; 7       ;
; get_length:gl_RL|len_out[3]                            ; 34      ;
; get_length:gl_RL|len_out[2]                            ; 34      ;
; mod_exp:me_1|long_div:ld_2|get_length:gl_ld|len_out[5] ; 1       ;
; mod_exp:me_1|long_div:ld_2|get_length:gl_ld|len_out[4] ; 1       ;
; mod_exp:me_1|long_div:ld_2|get_length:gl_ld|len_out[3] ; 1       ;
; mod_exp:me_1|long_div:ld_2|get_length:gl_ld|len_out[2] ; 1       ;
; mod_exp:me_1|long_div:ld_2|get_length:gl_ld|len_out[1] ; 1       ;
; mod_exp:me_1|long_div:ld_2|get_length:gl_ld|len_out[0] ; 1       ;
; mod_exp:me_1|long_div:ld_1|get_length:gl_ld|len_out[5] ; 1       ;
; mod_exp:me_1|long_div:ld_1|get_length:gl_ld|len_out[4] ; 1       ;
; mod_exp:me_1|long_div:ld_1|get_length:gl_ld|len_out[3] ; 1       ;
; mod_exp:me_1|long_div:ld_1|get_length:gl_ld|len_out[2] ; 1       ;
; mod_exp:me_1|long_div:ld_1|get_length:gl_ld|len_out[1] ; 1       ;
; mod_exp:me_1|long_div:ld_1|get_length:gl_ld|len_out[0] ; 1       ;
; mod_exp:me_2|long_div:ld_2|get_length:gl_ld|len_out[5] ; 1       ;
; mod_exp:me_2|long_div:ld_2|get_length:gl_ld|len_out[4] ; 1       ;
; mod_exp:me_2|long_div:ld_2|get_length:gl_ld|len_out[3] ; 1       ;
; mod_exp:me_2|long_div:ld_2|get_length:gl_ld|len_out[2] ; 1       ;
; mod_exp:me_2|long_div:ld_2|get_length:gl_ld|len_out[1] ; 1       ;
; mod_exp:me_2|long_div:ld_2|get_length:gl_ld|len_out[0] ; 1       ;
; mod_exp:me_2|long_div:ld_1|get_length:gl_ld|len_out[5] ; 1       ;
; mod_exp:me_2|long_div:ld_1|get_length:gl_ld|len_out[4] ; 1       ;
; mod_exp:me_2|long_div:ld_1|get_length:gl_ld|len_out[3] ; 1       ;
; mod_exp:me_2|long_div:ld_1|get_length:gl_ld|len_out[2] ; 1       ;
; mod_exp:me_2|long_div:ld_1|get_length:gl_ld|len_out[1] ; 1       ;
; mod_exp:me_2|long_div:ld_1|get_length:gl_ld|len_out[0] ; 1       ;
; Total number of inverted registers = 32                ;         ;
+--------------------------------------------------------+---------+


+---------------------------------------------------------------------------------------------------------------------------------------------------------------------------------+
; Multiplexer Restructuring Statistics (Restructuring Performed)                                                                                                                  ;
+--------------------+-----------+---------------+----------------------+------------------------+------------+-------------------------------------------------------------------+
; Multiplexer Inputs ; Bus Width ; Baseline Area ; Area if Restructured ; Saving if Restructured ; Registered ; Example Multiplexer Output                                        ;
+--------------------+-----------+---------------+----------------------+------------------------+------------+-------------------------------------------------------------------+
; 3:1                ; 32 bits   ; 64 LEs        ; 0 LEs                ; 64 LEs                 ; Yes        ; |RL_binary|y[11]                                                  ;
; 3:1                ; 32 bits   ; 64 LEs        ; 32 LEs               ; 32 LEs                 ; Yes        ; |RL_binary|r[6]~reg0                                              ;
; 3:1                ; 8 bits    ; 16 LEs        ; 0 LEs                ; 16 LEs                 ; Yes        ; |RL_binary|i[1]                                                   ;
; 3:1                ; 8 bits    ; 16 LEs        ; 0 LEs                ; 16 LEs                 ; Yes        ; |RL_binary|mod_exp:me_2|mont_mult:mm_2|index[2]                   ;
; 3:1                ; 8 bits    ; 16 LEs        ; 0 LEs                ; 16 LEs                 ; Yes        ; |RL_binary|mod_exp:me_2|mont_mult:mm_1|index[2]                   ;
; 3:1                ; 8 bits    ; 16 LEs        ; 0 LEs                ; 16 LEs                 ; Yes        ; |RL_binary|mod_exp:me_1|mont_mult:mm_2|index[1]                   ;
; 3:1                ; 8 bits    ; 16 LEs        ; 0 LEs                ; 16 LEs                 ; Yes        ; |RL_binary|mod_exp:me_1|mont_mult:mm_1|index[1]                   ;
; 3:1                ; 31 bits   ; 62 LEs        ; 0 LEs                ; 62 LEs                 ; Yes        ; |RL_binary|get_length:gl_RL|num[11]                               ;
; 3:1                ; 2 bits    ; 4 LEs         ; 2 LEs                ; 2 LEs                  ; Yes        ; |RL_binary|mod_exp:me_2|long_div:ld_2|i[1]                        ;
; 3:1                ; 6 bits    ; 12 LEs        ; 6 LEs                ; 6 LEs                  ; Yes        ; |RL_binary|mod_exp:me_2|long_div:ld_2|i[2]                        ;
; 3:1                ; 8 bits    ; 16 LEs        ; 0 LEs                ; 16 LEs                 ; Yes        ; |RL_binary|mod_exp:me_2|long_div:ld_2|j[3]                        ;
; 3:1                ; 2 bits    ; 4 LEs         ; 2 LEs                ; 2 LEs                  ; Yes        ; |RL_binary|mod_exp:me_2|long_div:ld_1|i[0]                        ;
; 3:1                ; 6 bits    ; 12 LEs        ; 6 LEs                ; 6 LEs                  ; Yes        ; |RL_binary|mod_exp:me_2|long_div:ld_1|i[5]                        ;
; 3:1                ; 8 bits    ; 16 LEs        ; 0 LEs                ; 16 LEs                 ; Yes        ; |RL_binary|mod_exp:me_2|long_div:ld_1|j[2]                        ;
; 3:1                ; 2 bits    ; 4 LEs         ; 2 LEs                ; 2 LEs                  ; Yes        ; |RL_binary|mod_exp:me_1|long_div:ld_2|i[0]                        ;
; 3:1                ; 6 bits    ; 12 LEs        ; 6 LEs                ; 6 LEs                  ; Yes        ; |RL_binary|mod_exp:me_1|long_div:ld_2|i[6]                        ;
; 3:1                ; 8 bits    ; 16 LEs        ; 0 LEs                ; 16 LEs                 ; Yes        ; |RL_binary|mod_exp:me_1|long_div:ld_2|j[2]                        ;
; 3:1                ; 2 bits    ; 4 LEs         ; 2 LEs                ; 2 LEs                  ; Yes        ; |RL_binary|mod_exp:me_1|long_div:ld_1|i[1]                        ;
; 3:1                ; 6 bits    ; 12 LEs        ; 6 LEs                ; 6 LEs                  ; Yes        ; |RL_binary|mod_exp:me_1|long_div:ld_1|i[6]                        ;
; 3:1                ; 8 bits    ; 16 LEs        ; 0 LEs                ; 16 LEs                 ; Yes        ; |RL_binary|mod_exp:me_1|long_div:ld_1|j[5]                        ;
; 3:1                ; 63 bits   ; 126 LEs       ; 0 LEs                ; 126 LEs                ; Yes        ; |RL_binary|mod_exp:me_2|long_div:ld_2|get_length:gl_ld|num[8]     ;
; 3:1                ; 63 bits   ; 126 LEs       ; 0 LEs                ; 126 LEs                ; Yes        ; |RL_binary|mod_exp:me_2|long_div:ld_1|get_length:gl_ld|num[2]     ;
; 3:1                ; 63 bits   ; 126 LEs       ; 0 LEs                ; 126 LEs                ; Yes        ; |RL_binary|mod_exp:me_1|long_div:ld_2|get_length:gl_ld|num[14]    ;
; 3:1                ; 63 bits   ; 126 LEs       ; 0 LEs                ; 126 LEs                ; Yes        ; |RL_binary|mod_exp:me_1|long_div:ld_1|get_length:gl_ld|num[21]    ;
; 4:1                ; 8 bits    ; 16 LEs        ; 0 LEs                ; 16 LEs                 ; Yes        ; |RL_binary|get_length:gl_RL|i[0]                                  ;
; 4:1                ; 8 bits    ; 16 LEs        ; 0 LEs                ; 16 LEs                 ; Yes        ; |RL_binary|mod_exp:me_2|long_div:ld_2|get_length:gl_ld|i[0]       ;
; 4:1                ; 8 bits    ; 16 LEs        ; 0 LEs                ; 16 LEs                 ; Yes        ; |RL_binary|mod_exp:me_2|long_div:ld_1|get_length:gl_ld|i[5]       ;
; 4:1                ; 8 bits    ; 16 LEs        ; 0 LEs                ; 16 LEs                 ; Yes        ; |RL_binary|mod_exp:me_2|mont_mult:mm_2|count[7]                   ;
; 4:1                ; 8 bits    ; 16 LEs        ; 0 LEs                ; 16 LEs                 ; Yes        ; |RL_binary|mod_exp:me_2|mont_mult:mm_1|count[2]                   ;
; 4:1                ; 8 bits    ; 16 LEs        ; 0 LEs                ; 16 LEs                 ; Yes        ; |RL_binary|mod_exp:me_1|mont_mult:mm_2|count[6]                   ;
; 4:1                ; 8 bits    ; 16 LEs        ; 0 LEs                ; 16 LEs                 ; Yes        ; |RL_binary|mod_exp:me_1|mont_mult:mm_1|count[3]                   ;
; 4:1                ; 8 bits    ; 16 LEs        ; 0 LEs                ; 16 LEs                 ; Yes        ; |RL_binary|mod_exp:me_1|long_div:ld_2|get_length:gl_ld|i[0]       ;
; 4:1                ; 8 bits    ; 16 LEs        ; 0 LEs                ; 16 LEs                 ; Yes        ; |RL_binary|mod_exp:me_1|long_div:ld_1|get_length:gl_ld|i[2]       ;
; 5:1                ; 31 bits   ; 93 LEs        ; 62 LEs               ; 31 LEs                 ; Yes        ; |RL_binary|mod_exp:me_2|long_div:ld_2|ld_out[1]                   ;
; 5:1                ; 31 bits   ; 93 LEs        ; 62 LEs               ; 31 LEs                 ; Yes        ; |RL_binary|mod_exp:me_2|long_div:ld_1|ld_out[19]                  ;
; 5:1                ; 31 bits   ; 93 LEs        ; 62 LEs               ; 31 LEs                 ; Yes        ; |RL_binary|mod_exp:me_1|long_div:ld_2|ld_out[3]                   ;
; 5:1                ; 31 bits   ; 93 LEs        ; 62 LEs               ; 31 LEs                 ; Yes        ; |RL_binary|mod_exp:me_1|long_div:ld_1|ld_out[2]                   ;
; 6:1                ; 31 bits   ; 124 LEs       ; 62 LEs               ; 62 LEs                 ; Yes        ; |RL_binary|mod_exp:me_2|mont_mult:mm_2|mm_out[4]                  ;
; 6:1                ; 31 bits   ; 124 LEs       ; 62 LEs               ; 62 LEs                 ; Yes        ; |RL_binary|mod_exp:me_2|mont_mult:mm_1|mm_out[0]                  ;
; 6:1                ; 31 bits   ; 124 LEs       ; 62 LEs               ; 62 LEs                 ; Yes        ; |RL_binary|mod_exp:me_1|mont_mult:mm_2|mm_out[12]                 ;
; 6:1                ; 31 bits   ; 124 LEs       ; 62 LEs               ; 62 LEs                 ; Yes        ; |RL_binary|mod_exp:me_1|mont_mult:mm_1|mm_out[12]                 ;
; 3:1                ; 8 bits    ; 16 LEs        ; 8 LEs                ; 8 LEs                  ; Yes        ; |RL_binary|get_length:gl_RL|len_out[3]                            ;
; 3:1                ; 8 bits    ; 16 LEs        ; 8 LEs                ; 8 LEs                  ; Yes        ; |RL_binary|mod_exp:me_2|long_div:ld_2|get_length:gl_ld|len_out[7] ;
; 3:1                ; 8 bits    ; 16 LEs        ; 8 LEs                ; 8 LEs                  ; Yes        ; |RL_binary|mod_exp:me_2|long_div:ld_1|get_length:gl_ld|len_out[4] ;
; 3:1                ; 8 bits    ; 16 LEs        ; 8 LEs                ; 8 LEs                  ; Yes        ; |RL_binary|mod_exp:me_1|long_div:ld_2|get_length:gl_ld|len_out[2] ;
; 3:1                ; 8 bits    ; 16 LEs        ; 8 LEs                ; 8 LEs                  ; Yes        ; |RL_binary|mod_exp:me_1|long_div:ld_1|get_length:gl_ld|len_out[7] ;
; 3:1                ; 16 bits   ; 32 LEs        ; 32 LEs               ; 0 LEs                  ; No         ; |RL_binary|mod_exp:me_2|long_div:ld_1|ShiftLeft0                  ;
; 3:1                ; 16 bits   ; 32 LEs        ; 32 LEs               ; 0 LEs                  ; No         ; |RL_binary|mod_exp:me_2|long_div:ld_1|ShiftLeft0                  ;
; 5:1                ; 2 bits    ; 6 LEs         ; 4 LEs                ; 2 LEs                  ; No         ; |RL_binary|mod_exp:me_2|mont_mult:mm_2|flag                       ;
; 5:1                ; 2 bits    ; 6 LEs         ; 4 LEs                ; 2 LEs                  ; No         ; |RL_binary|mod_exp:me_2|mont_mult:mm_1|flag                       ;
; 5:1                ; 2 bits    ; 6 LEs         ; 4 LEs                ; 2 LEs                  ; No         ; |RL_binary|mod_exp:me_1|mont_mult:mm_2|flag                       ;
; 5:1                ; 2 bits    ; 6 LEs         ; 4 LEs                ; 2 LEs                  ; No         ; |RL_binary|mod_exp:me_1|mont_mult:mm_1|flag                       ;
; 6:1                ; 3 bits    ; 12 LEs        ; 9 LEs                ; 3 LEs                  ; No         ; |RL_binary|mod_exp:me_2|long_div:ld_2|flag                        ;
; 6:1                ; 3 bits    ; 12 LEs        ; 9 LEs                ; 3 LEs                  ; No         ; |RL_binary|mod_exp:me_2|long_div:ld_1|flag                        ;
; 6:1                ; 3 bits    ; 12 LEs        ; 9 LEs                ; 3 LEs                  ; No         ; |RL_binary|mod_exp:me_1|long_div:ld_2|flag                        ;
; 6:1                ; 3 bits    ; 12 LEs        ; 9 LEs                ; 3 LEs                  ; No         ; |RL_binary|mod_exp:me_1|long_div:ld_1|flag                        ;
+--------------------+-----------+---------------+----------------------+------------------------+------------+-------------------------------------------------------------------+


+---------------------------------------------------------------------------+
; Parameter Settings for User Entity Instance: Top-level Entity: |RL_binary ;
+----------------+-------+--------------------------------------------------+
; Parameter Name ; Value ; Type                                             ;
+----------------+-------+--------------------------------------------------+
; STANDBY        ; 00    ; Unsigned Binary                                  ;
; GETLEN         ; 01    ; Unsigned Binary                                  ;
; FLAG0          ; 10    ; Unsigned Binary                                  ;
; FLAG1          ; 11    ; Unsigned Binary                                  ;
+----------------+-------+--------------------------------------------------+
Note: In order to hide this table in the UI and the text report file, please set the "Show Parameter Settings in Synthesis Report" option in "Analysis and Synthesis Settings -> More Settings" to "Off".


+----------------------------------------------------------------------------------------------+
; Parameter Settings for Inferred Entity Instance: mod_exp:me_1|mont_mult:mm_2|lpm_divide:Mod0 ;
+------------------------+----------------+----------------------------------------------------+
; Parameter Name         ; Value          ; Type                                               ;
+------------------------+----------------+----------------------------------------------------+
; LPM_WIDTHN             ; 8              ; Untyped                                            ;
; LPM_WIDTHD             ; 2              ; Untyped                                            ;
; LPM_NREPRESENTATION    ; UNSIGNED       ; Untyped                                            ;
; LPM_DREPRESENTATION    ; UNSIGNED       ; Untyped                                            ;
; LPM_PIPELINE           ; 0              ; Untyped                                            ;
; LPM_REMAINDERPOSITIVE  ; TRUE           ; Untyped                                            ;
; MAXIMIZE_SPEED         ; 5              ; Untyped                                            ;
; CBXI_PARAMETER         ; lpm_divide_62m ; Untyped                                            ;
; CARRY_CHAIN            ; MANUAL         ; Untyped                                            ;
; OPTIMIZE_FOR_SPEED     ; 5              ; Untyped                                            ;
; AUTO_CARRY_CHAINS      ; ON             ; AUTO_CARRY                                         ;
; IGNORE_CARRY_BUFFERS   ; OFF            ; IGNORE_CARRY                                       ;
; AUTO_CASCADE_CHAINS    ; ON             ; AUTO_CASCADE                                       ;
; IGNORE_CASCADE_BUFFERS ; OFF            ; IGNORE_CASCADE                                     ;
+------------------------+----------------+----------------------------------------------------+
Note: In order to hide this table in the UI and the text report file, please set the "Show Parameter Settings in Synthesis Report" option in "Analysis and Synthesis Settings -> More Settings" to "Off".


+----------------------------------------------------------------------------------------------+
; Parameter Settings for Inferred Entity Instance: mod_exp:me_1|mont_mult:mm_1|lpm_divide:Mod0 ;
+------------------------+----------------+----------------------------------------------------+
; Parameter Name         ; Value          ; Type                                               ;
+------------------------+----------------+----------------------------------------------------+
; LPM_WIDTHN             ; 8              ; Untyped                                            ;
; LPM_WIDTHD             ; 2              ; Untyped                                            ;
; LPM_NREPRESENTATION    ; UNSIGNED       ; Untyped                                            ;
; LPM_DREPRESENTATION    ; UNSIGNED       ; Untyped                                            ;
; LPM_PIPELINE           ; 0              ; Untyped                                            ;
; LPM_REMAINDERPOSITIVE  ; TRUE           ; Untyped                                            ;
; MAXIMIZE_SPEED         ; 5              ; Untyped                                            ;
; CBXI_PARAMETER         ; lpm_divide_62m ; Untyped                                            ;
; CARRY_CHAIN            ; MANUAL         ; Untyped                                            ;
; OPTIMIZE_FOR_SPEED     ; 5              ; Untyped                                            ;
; AUTO_CARRY_CHAINS      ; ON             ; AUTO_CARRY                                         ;
; IGNORE_CARRY_BUFFERS   ; OFF            ; IGNORE_CARRY                                       ;
; AUTO_CASCADE_CHAINS    ; ON             ; AUTO_CASCADE                                       ;
; IGNORE_CASCADE_BUFFERS ; OFF            ; IGNORE_CASCADE                                     ;
+------------------------+----------------+----------------------------------------------------+
Note: In order to hide this table in the UI and the text report file, please set the "Show Parameter Settings in Synthesis Report" option in "Analysis and Synthesis Settings -> More Settings" to "Off".


+----------------------------------------------------------------------------------------------+
; Parameter Settings for Inferred Entity Instance: mod_exp:me_2|mont_mult:mm_2|lpm_divide:Mod0 ;
+------------------------+----------------+----------------------------------------------------+
; Parameter Name         ; Value          ; Type                                               ;
+------------------------+----------------+----------------------------------------------------+
; LPM_WIDTHN             ; 8              ; Untyped                                            ;
; LPM_WIDTHD             ; 2              ; Untyped                                            ;
; LPM_NREPRESENTATION    ; UNSIGNED       ; Untyped                                            ;
; LPM_DREPRESENTATION    ; UNSIGNED       ; Untyped                                            ;
; LPM_PIPELINE           ; 0              ; Untyped                                            ;
; LPM_REMAINDERPOSITIVE  ; TRUE           ; Untyped                                            ;
; MAXIMIZE_SPEED         ; 5              ; Untyped                                            ;
; CBXI_PARAMETER         ; lpm_divide_62m ; Untyped                                            ;
; CARRY_CHAIN            ; MANUAL         ; Untyped                                            ;
; OPTIMIZE_FOR_SPEED     ; 5              ; Untyped                                            ;
; AUTO_CARRY_CHAINS      ; ON             ; AUTO_CARRY                                         ;
; IGNORE_CARRY_BUFFERS   ; OFF            ; IGNORE_CARRY                                       ;
; AUTO_CASCADE_CHAINS    ; ON             ; AUTO_CASCADE                                       ;
; IGNORE_CASCADE_BUFFERS ; OFF            ; IGNORE_CASCADE                                     ;
+------------------------+----------------+----------------------------------------------------+
Note: In order to hide this table in the UI and the text report file, please set the "Show Parameter Settings in Synthesis Report" option in "Analysis and Synthesis Settings -> More Settings" to "Off".


+----------------------------------------------------------------------------------------------+
; Parameter Settings for Inferred Entity Instance: mod_exp:me_2|mont_mult:mm_1|lpm_divide:Mod0 ;
+------------------------+----------------+----------------------------------------------------+
; Parameter Name         ; Value          ; Type                                               ;
+------------------------+----------------+----------------------------------------------------+
; LPM_WIDTHN             ; 8              ; Untyped                                            ;
; LPM_WIDTHD             ; 2              ; Untyped                                            ;
; LPM_NREPRESENTATION    ; UNSIGNED       ; Untyped                                            ;
; LPM_DREPRESENTATION    ; UNSIGNED       ; Untyped                                            ;
; LPM_PIPELINE           ; 0              ; Untyped                                            ;
; LPM_REMAINDERPOSITIVE  ; TRUE           ; Untyped                                            ;
; MAXIMIZE_SPEED         ; 5              ; Untyped                                            ;
; CBXI_PARAMETER         ; lpm_divide_62m ; Untyped                                            ;
; CARRY_CHAIN            ; MANUAL         ; Untyped                                            ;
; OPTIMIZE_FOR_SPEED     ; 5              ; Untyped                                            ;
; AUTO_CARRY_CHAINS      ; ON             ; AUTO_CARRY                                         ;
; IGNORE_CARRY_BUFFERS   ; OFF            ; IGNORE_CARRY                                       ;
; AUTO_CASCADE_CHAINS    ; ON             ; AUTO_CASCADE                                       ;
; IGNORE_CASCADE_BUFFERS ; OFF            ; IGNORE_CASCADE                                     ;
+------------------------+----------------+----------------------------------------------------+
Note: In order to hide this table in the UI and the text report file, please set the "Show Parameter Settings in Synthesis Report" option in "Analysis and Synthesis Settings -> More Settings" to "Off".


+---------------------------------------------------------+
; Port Connectivity Checks: "mod_exp:me_1|mont_mult:mm_2" ;
+--------------+-------+----------+-----------------------+
; Port         ; Type  ; Severity ; Details               ;
+--------------+-------+----------+-----------------------+
; num_2[31..1] ; Input ; Info     ; Stuck at GND          ;
; num_2[0]     ; Input ; Info     ; Stuck at VCC          ;
+--------------+-------+----------+-----------------------+


+--------------------------------------------------+
; Port Connectivity Checks: "get_length:gl_RL"     ;
+----------------+-------+----------+--------------+
; Port           ; Type  ; Severity ; Details      ;
+----------------+-------+----------+--------------+
; num_in[63..32] ; Input ; Info     ; Stuck at GND ;
+----------------+-------+----------+--------------+


+-----------------------------------------------------+
; Post-Synthesis Netlist Statistics for Top Partition ;
+-----------------------+-----------------------------+
; Type                  ; Count                       ;
+-----------------------+-----------------------------+
; arriav_ff             ; 891                         ;
;     CLR               ; 120                         ;
;     ENA CLR           ; 84                          ;
;     ENA CLR SCLR      ; 348                         ;
;     ENA CLR SLD       ; 339                         ;
; arriav_lcell_comb     ; 2297                        ;
;     arith             ; 850                         ;
;         0 data inputs ; 29                          ;
;         1 data inputs ; 377                         ;
;         2 data inputs ; 396                         ;
;         3 data inputs ; 28                          ;
;         4 data inputs ; 20                          ;
;     extend            ; 47                          ;
;         7 data inputs ; 47                          ;
;     normal            ; 1144                        ;
;         1 data inputs ; 73                          ;
;         2 data inputs ; 158                         ;
;         3 data inputs ; 36                          ;
;         4 data inputs ; 225                         ;
;         5 data inputs ; 207                         ;
;         6 data inputs ; 445                         ;
;     shared            ; 256                         ;
;         2 data inputs ; 256                         ;
; arriav_mac            ; 28                          ;
; boundary_port         ; 131                         ;
;                       ;                             ;
; Max LUT depth         ; 10.50                       ;
; Average LUT depth     ; 4.94                        ;
+-----------------------+-----------------------------+


+-------------------------------+
; Elapsed Time Per Partition    ;
+----------------+--------------+
; Partition Name ; Elapsed Time ;
+----------------+--------------+
; Top            ; 00:00:02     ;
+----------------+--------------+


+-------------------------------+
; Analysis & Synthesis Messages ;
+-------------------------------+
Info: *******************************************************************
Info: Running Quartus Prime Analysis & Synthesis
    Info: Version 22.1std.0 Build 915 10/25/2022 SC Lite Edition
    Info: Processing started: Fri Nov 25 00:47:13 2022
Info: Command: quartus_map --read_settings_files=on --write_settings_files=off RL_binary -c RL_binary
Warning (18236): Number of processors has not been specified which may cause overloading on shared machines.  Set the global assignment NUM_PARALLEL_PROCESSORS in your QSF to an appropriate value for best performance.
Info (20030): Parallel compilation is enabled and will use 12 of the 12 processors detected
Info (12021): Found 1 design units, including 1 entities, in source file rl_binary.v
    Info (12023): Found entity 1: RL_binary File: C:/Users/bpssw/Desktop/QuartusPrime/RL_binary/RL_binary.v Line: 7
Info (12021): Found 1 design units, including 1 entities, in source file get_length.v
    Info (12023): Found entity 1: get_length File: C:/Users/bpssw/Desktop/QuartusPrime/RL_binary/get_length.v Line: 7
Info (12021): Found 1 design units, including 1 entities, in source file mod_exp.v
    Info (12023): Found entity 1: mod_exp File: C:/Users/bpssw/Desktop/QuartusPrime/RL_binary/mod_exp.v Line: 7
Info (12021): Found 1 design units, including 1 entities, in source file mont_mult.v
    Info (12023): Found entity 1: mont_mult File: C:/Users/bpssw/Desktop/QuartusPrime/RL_binary/mont_mult.v Line: 7
Info (12021): Found 1 design units, including 1 entities, in source file long_div.v
    Info (12023): Found entity 1: long_div File: C:/Users/bpssw/Desktop/QuartusPrime/RL_binary/long_div.v Line: 7
Info (12021): Found 1 design units, including 1 entities, in source file rl_binary_tb.v
    Info (12023): Found entity 1: RL_binary_tb File: C:/Users/bpssw/Desktop/QuartusPrime/RL_binary/RL_binary_tb.v Line: 6
Info (12127): Elaborating entity "RL_binary" for the top level hierarchy
Warning (10230): Verilog HDL assignment warning at RL_binary.v(109): truncated value with size 32 to match size of target (8) File: C:/Users/bpssw/Desktop/QuartusPrime/RL_binary/RL_binary.v Line: 109
Info (12128): Elaborating entity "get_length" for hierarchy "get_length:gl_RL" File: C:/Users/bpssw/Desktop/QuartusPrime/RL_binary/RL_binary.v Line: 30
Warning (10230): Verilog HDL assignment warning at get_length.v(37): truncated value with size 32 to match size of target (8) File: C:/Users/bpssw/Desktop/QuartusPrime/RL_binary/get_length.v Line: 37
Warning (10230): Verilog HDL assignment warning at get_length.v(52): truncated value with size 32 to match size of target (8) File: C:/Users/bpssw/Desktop/QuartusPrime/RL_binary/get_length.v Line: 52
Warning (10230): Verilog HDL assignment warning at get_length.v(59): truncated value with size 32 to match size of target (8) File: C:/Users/bpssw/Desktop/QuartusPrime/RL_binary/get_length.v Line: 59
Warning (10230): Verilog HDL assignment warning at get_length.v(63): truncated value with size 32 to match size of target (8) File: C:/Users/bpssw/Desktop/QuartusPrime/RL_binary/get_length.v Line: 63
Warning (10230): Verilog HDL assignment warning at get_length.v(68): truncated value with size 32 to match size of target (8) File: C:/Users/bpssw/Desktop/QuartusPrime/RL_binary/get_length.v Line: 68
Info (12128): Elaborating entity "mod_exp" for hierarchy "mod_exp:me_1" File: C:/Users/bpssw/Desktop/QuartusPrime/RL_binary/RL_binary.v Line: 34
Info (12128): Elaborating entity "long_div" for hierarchy "mod_exp:me_1|long_div:ld_1" File: C:/Users/bpssw/Desktop/QuartusPrime/RL_binary/mod_exp.v Line: 44
Warning (10230): Verilog HDL assignment warning at long_div.v(59): truncated value with size 32 to match size of target (8) File: C:/Users/bpssw/Desktop/QuartusPrime/RL_binary/long_div.v Line: 59
Warning (10230): Verilog HDL assignment warning at long_div.v(90): truncated value with size 32 to match size of target (8) File: C:/Users/bpssw/Desktop/QuartusPrime/RL_binary/long_div.v Line: 90
Warning (10230): Verilog HDL assignment warning at long_div.v(96): truncated value with size 32 to match size of target (8) File: C:/Users/bpssw/Desktop/QuartusPrime/RL_binary/long_div.v Line: 96
Info (12128): Elaborating entity "mont_mult" for hierarchy "mod_exp:me_1|mont_mult:mm_1" File: C:/Users/bpssw/Desktop/QuartusPrime/RL_binary/mod_exp.v Line: 46
Warning (10230): Verilog HDL assignment warning at mont_mult.v(65): truncated value with size 32 to match size of target (8) File: C:/Users/bpssw/Desktop/QuartusPrime/RL_binary/mont_mult.v Line: 65
Warning (10230): Verilog HDL assignment warning at mont_mult.v(68): truncated value with size 32 to match size of target (8) File: C:/Users/bpssw/Desktop/QuartusPrime/RL_binary/mont_mult.v Line: 68
Warning (10230): Verilog HDL assignment warning at mont_mult.v(76): truncated value with size 32 to match size of target (8) File: C:/Users/bpssw/Desktop/QuartusPrime/RL_binary/mont_mult.v Line: 76
Warning (10230): Verilog HDL assignment warning at mont_mult.v(82): truncated value with size 32 to match size of target (8) File: C:/Users/bpssw/Desktop/QuartusPrime/RL_binary/mont_mult.v Line: 82
Info (278001): Inferred 4 megafunctions from design logic
    Info (278004): Inferred divider/modulo megafunction ("lpm_divide") from the following logic: "mod_exp:me_1|mont_mult:mm_2|Mod0" File: C:/Users/bpssw/Desktop/QuartusPrime/RL_binary/mont_mult.v Line: 67
    Info (278004): Inferred divider/modulo megafunction ("lpm_divide") from the following logic: "mod_exp:me_1|mont_mult:mm_1|Mod0" File: C:/Users/bpssw/Desktop/QuartusPrime/RL_binary/mont_mult.v Line: 67
    Info (278004): Inferred divider/modulo megafunction ("lpm_divide") from the following logic: "mod_exp:me_2|mont_mult:mm_2|Mod0" File: C:/Users/bpssw/Desktop/QuartusPrime/RL_binary/mont_mult.v Line: 67
    Info (278004): Inferred divider/modulo megafunction ("lpm_divide") from the following logic: "mod_exp:me_2|mont_mult:mm_1|Mod0" File: C:/Users/bpssw/Desktop/QuartusPrime/RL_binary/mont_mult.v Line: 67
Info (12130): Elaborated megafunction instantiation "mod_exp:me_1|mont_mult:mm_2|lpm_divide:Mod0" File: C:/Users/bpssw/Desktop/QuartusPrime/RL_binary/mont_mult.v Line: 67
Info (12133): Instantiated megafunction "mod_exp:me_1|mont_mult:mm_2|lpm_divide:Mod0" with the following parameter: File: C:/Users/bpssw/Desktop/QuartusPrime/RL_binary/mont_mult.v Line: 67
    Info (12134): Parameter "LPM_WIDTHN" = "8"
    Info (12134): Parameter "LPM_WIDTHD" = "2"
    Info (12134): Parameter "LPM_NREPRESENTATION" = "UNSIGNED"
    Info (12134): Parameter "LPM_DREPRESENTATION" = "UNSIGNED"
Info (12021): Found 1 design units, including 1 entities, in source file db/lpm_divide_62m.tdf
    Info (12023): Found entity 1: lpm_divide_62m File: C:/Users/bpssw/Desktop/QuartusPrime/RL_binary/db/lpm_divide_62m.tdf Line: 25
Info (12021): Found 1 design units, including 1 entities, in source file db/sign_div_unsign_9kh.tdf
    Info (12023): Found entity 1: sign_div_unsign_9kh File: C:/Users/bpssw/Desktop/QuartusPrime/RL_binary/db/sign_div_unsign_9kh.tdf Line: 25
Info (12021): Found 1 design units, including 1 entities, in source file db/alt_u_div_ose.tdf
    Info (12023): Found entity 1: alt_u_div_ose File: C:/Users/bpssw/Desktop/QuartusPrime/RL_binary/db/alt_u_div_ose.tdf Line: 23
Info (286030): Timing-Driven Synthesis is running
Info (17049): 46 registers lost all their fanouts during netlist optimizations.
Info (144001): Generated suppressed messages file C:/Users/bpssw/Desktop/QuartusPrime/RL_binary/output_files/RL_binary.map.smsg
Info (16010): Generating hard_block partition "hard_block:auto_generated_inst"
    Info (16011): Adding 0 node(s), including 0 DDIO, 0 PLL, 0 transceiver and 0 LCELL
Info (21057): Implemented 2809 device resources after synthesis - the final resource count might be different
    Info (21058): Implemented 99 input pins
    Info (21059): Implemented 32 output pins
    Info (21061): Implemented 2650 logic cells
    Info (21062): Implemented 28 DSP elements
Info: Quartus Prime Analysis & Synthesis was successful. 0 errors, 14 warnings
    Info: Peak virtual memory: 4952 megabytes
    Info: Processing ended: Fri Nov 25 00:47:22 2022
    Info: Elapsed time: 00:00:09
    Info: Total CPU time (on all processors): 00:00:03


+------------------------------------------+
; Analysis & Synthesis Suppressed Messages ;
+------------------------------------------+
The suppressed messages can be found in C:/Users/bpssw/Desktop/QuartusPrime/RL_binary/output_files/RL_binary.map.smsg.


