------------------------------------------------------------
TimeQuest Timing Analyzer Summary
------------------------------------------------------------

Type  : Slow Model Setup 'clk'
Slack : -16.259
TNS   : -7755.672

Type  : Slow Model Setup 'RL_binary:inst_rsa|mod_exp:me_1|long_div:ld_1|get_length:gl_ld|md_end'
Slack : -0.579
TNS   : -0.992

Type  : Slow Model Setup 'RL_binary:inst_rsa|mod_exp:me_1|long_div:ld_2|get_length:gl_ld|md_end'
Slack : -0.416
TNS   : -0.416

Type  : Slow Model Setup 'RL_binary:inst_rsa|mod_exp:me_2|long_div:ld_2|get_length:gl_ld|md_end'
Slack : -0.301
TNS   : -1.013

Type  : Slow Model Setup 'RL_binary:inst_rsa|mod_exp:me_2|long_div:ld_1|get_length:gl_ld|md_end'
Slack : 0.122
TNS   : 0.000

Type  : Slow Model Setup 'RL_binary:inst_rsa|get_length:gl_RL|md_end'
Slack : 0.379
TNS   : 0.000

Type  : Slow Model Setup 'RL_binary:inst_rsa|me_1_start'
Slack : 0.379
TNS   : 0.000

Type  : Slow Model Setup 'RL_binary:inst_rsa|me_2_start'
Slack : 0.379
TNS   : 0.000

Type  : Slow Model Setup 'RL_binary:inst_rsa|mod_exp:me_1|mont_mult:mm_1|md_end'
Slack : 0.379
TNS   : 0.000

Type  : Slow Model Setup 'RL_binary:inst_rsa|mod_exp:me_2|mont_mult:mm_1|md_end'
Slack : 0.379
TNS   : 0.000

Type  : Slow Model Hold 'clk'
Slack : -2.556
TNS   : -121.467

Type  : Slow Model Hold 'RL_binary:inst_rsa|me_1_start'
Slack : -0.567
TNS   : -0.971

Type  : Slow Model Hold 'RL_binary:inst_rsa|mod_exp:me_1|long_div:ld_2|get_length:gl_ld|md_end'
Slack : -0.250
TNS   : -1.077

Type  : Slow Model Hold 'RL_binary:inst_rsa|me_2_start'
Slack : -0.187
TNS   : -0.187

Type  : Slow Model Hold 'RL_binary:inst_rsa|mod_exp:me_2|long_div:ld_1|get_length:gl_ld|md_end'
Slack : 0.049
TNS   : 0.000

Type  : Slow Model Hold 'RL_binary:inst_rsa|mod_exp:me_1|long_div:ld_1|get_length:gl_ld|md_end'
Slack : 0.359
TNS   : 0.000

Type  : Slow Model Hold 'RL_binary:inst_rsa|get_length:gl_RL|md_end'
Slack : 0.391
TNS   : 0.000

Type  : Slow Model Hold 'RL_binary:inst_rsa|mod_exp:me_1|mont_mult:mm_1|md_end'
Slack : 0.391
TNS   : 0.000

Type  : Slow Model Hold 'RL_binary:inst_rsa|mod_exp:me_2|long_div:ld_2|get_length:gl_ld|md_end'
Slack : 0.391
TNS   : 0.000

Type  : Slow Model Hold 'RL_binary:inst_rsa|mod_exp:me_2|mont_mult:mm_1|md_end'
Slack : 0.391
TNS   : 0.000

Type  : Slow Model Minimum Pulse Width 'clk'
Slack : -1.423
TNS   : -1372.812

Type  : Slow Model Minimum Pulse Width 'RL_binary:inst_rsa|mod_exp:me_1|long_div:ld_1|get_length:gl_ld|md_end'
Slack : -0.500
TNS   : -7.000

Type  : Slow Model Minimum Pulse Width 'RL_binary:inst_rsa|mod_exp:me_1|long_div:ld_2|get_length:gl_ld|md_end'
Slack : -0.500
TNS   : -7.000

Type  : Slow Model Minimum Pulse Width 'RL_binary:inst_rsa|mod_exp:me_2|long_div:ld_1|get_length:gl_ld|md_end'
Slack : -0.500
TNS   : -7.000

Type  : Slow Model Minimum Pulse Width 'RL_binary:inst_rsa|mod_exp:me_2|long_div:ld_2|get_length:gl_ld|md_end'
Slack : -0.500
TNS   : -7.000

Type  : Slow Model Minimum Pulse Width 'RL_binary:inst_rsa|me_1_start'
Slack : -0.500
TNS   : -2.000

Type  : Slow Model Minimum Pulse Width 'RL_binary:inst_rsa|me_2_start'
Slack : -0.500
TNS   : -2.000

Type  : Slow Model Minimum Pulse Width 'RL_binary:inst_rsa|mod_exp:me_1|mont_mult:mm_1|md_end'
Slack : -0.500
TNS   : -2.000

Type  : Slow Model Minimum Pulse Width 'RL_binary:inst_rsa|mod_exp:me_2|mont_mult:mm_1|md_end'
Slack : -0.500
TNS   : -2.000

Type  : Slow Model Minimum Pulse Width 'RL_binary:inst_rsa|get_length:gl_RL|md_end'
Slack : -0.500
TNS   : -1.000

Type  : Fast Model Setup 'clk'
Slack : -6.123
TNS   : -2650.827

Type  : Fast Model Setup 'RL_binary:inst_rsa|mod_exp:me_1|long_div:ld_1|get_length:gl_ld|md_end'
Slack : 0.213
TNS   : 0.000

Type  : Fast Model Setup 'RL_binary:inst_rsa|mod_exp:me_1|long_div:ld_2|get_length:gl_ld|md_end'
Slack : 0.304
TNS   : 0.000

Type  : Fast Model Setup 'RL_binary:inst_rsa|mod_exp:me_2|long_div:ld_2|get_length:gl_ld|md_end'
Slack : 0.321
TNS   : 0.000

Type  : Fast Model Setup 'RL_binary:inst_rsa|mod_exp:me_2|long_div:ld_1|get_length:gl_ld|md_end'
Slack : 0.539
TNS   : 0.000

Type  : Fast Model Setup 'RL_binary:inst_rsa|get_length:gl_RL|md_end'
Slack : 0.665
TNS   : 0.000

Type  : Fast Model Setup 'RL_binary:inst_rsa|me_1_start'
Slack : 0.665
TNS   : 0.000

Type  : Fast Model Setup 'RL_binary:inst_rsa|me_2_start'
Slack : 0.665
TNS   : 0.000

Type  : Fast Model Setup 'RL_binary:inst_rsa|mod_exp:me_1|mont_mult:mm_1|md_end'
Slack : 0.665
TNS   : 0.000

Type  : Fast Model Setup 'RL_binary:inst_rsa|mod_exp:me_2|mont_mult:mm_1|md_end'
Slack : 0.665
TNS   : 0.000

Type  : Fast Model Hold 'clk'
Slack : -1.597
TNS   : -124.625

Type  : Fast Model Hold 'RL_binary:inst_rsa|me_1_start'
Slack : -0.237
TNS   : -0.383

Type  : Fast Model Hold 'RL_binary:inst_rsa|mod_exp:me_1|long_div:ld_2|get_length:gl_ld|md_end'
Slack : -0.091
TNS   : -0.439

Type  : Fast Model Hold 'RL_binary:inst_rsa|me_2_start'
Slack : -0.050
TNS   : -0.050

Type  : Fast Model Hold 'RL_binary:inst_rsa|mod_exp:me_2|long_div:ld_1|get_length:gl_ld|md_end'
Slack : 0.089
TNS   : 0.000

Type  : Fast Model Hold 'RL_binary:inst_rsa|get_length:gl_RL|md_end'
Slack : 0.215
TNS   : 0.000

Type  : Fast Model Hold 'RL_binary:inst_rsa|mod_exp:me_1|long_div:ld_1|get_length:gl_ld|md_end'
Slack : 0.215
TNS   : 0.000

Type  : Fast Model Hold 'RL_binary:inst_rsa|mod_exp:me_1|mont_mult:mm_1|md_end'
Slack : 0.215
TNS   : 0.000

Type  : Fast Model Hold 'RL_binary:inst_rsa|mod_exp:me_2|long_div:ld_2|get_length:gl_ld|md_end'
Slack : 0.215
TNS   : 0.000

Type  : Fast Model Hold 'RL_binary:inst_rsa|mod_exp:me_2|mont_mult:mm_1|md_end'
Slack : 0.215
TNS   : 0.000

Type  : Fast Model Minimum Pulse Width 'clk'
Slack : -1.519
TNS   : -1409.676

Type  : Fast Model Minimum Pulse Width 'RL_binary:inst_rsa|mod_exp:me_1|long_div:ld_1|get_length:gl_ld|md_end'
Slack : -0.500
TNS   : -7.000

Type  : Fast Model Minimum Pulse Width 'RL_binary:inst_rsa|mod_exp:me_1|long_div:ld_2|get_length:gl_ld|md_end'
Slack : -0.500
TNS   : -7.000

Type  : Fast Model Minimum Pulse Width 'RL_binary:inst_rsa|mod_exp:me_2|long_div:ld_1|get_length:gl_ld|md_end'
Slack : -0.500
TNS   : -7.000

Type  : Fast Model Minimum Pulse Width 'RL_binary:inst_rsa|mod_exp:me_2|long_div:ld_2|get_length:gl_ld|md_end'
Slack : -0.500
TNS   : -7.000

Type  : Fast Model Minimum Pulse Width 'RL_binary:inst_rsa|me_1_start'
Slack : -0.500
TNS   : -2.000

Type  : Fast Model Minimum Pulse Width 'RL_binary:inst_rsa|me_2_start'
Slack : -0.500
TNS   : -2.000

Type  : Fast Model Minimum Pulse Width 'RL_binary:inst_rsa|mod_exp:me_1|mont_mult:mm_1|md_end'
Slack : -0.500
TNS   : -2.000

Type  : Fast Model Minimum Pulse Width 'RL_binary:inst_rsa|mod_exp:me_2|mont_mult:mm_1|md_end'
Slack : -0.500
TNS   : -2.000

Type  : Fast Model Minimum Pulse Width 'RL_binary:inst_rsa|get_length:gl_RL|md_end'
Slack : -0.500
TNS   : -1.000

------------------------------------------------------------
