------------------------------------------------------------
TimeQuest Timing Analyzer Summary
------------------------------------------------------------

Type  : Slow Model Setup 'clk'
Slack : -16.807
TNS   : -8332.266

Type  : Slow Model Setup 'ltp:inst_btn|state.ACT'
Slack : -1.683
TNS   : -138.681

Type  : Slow Model Setup 'RL_binary:inst_rsa|mod_exp:me_1|long_div:ld_2|get_length:gl_ld|md_end'
Slack : -0.983
TNS   : -0.983

Type  : Slow Model Setup 'RL_binary:inst_rsa|mod_exp:me_2|long_div:ld_1|get_length:gl_ld|md_end'
Slack : -0.673
TNS   : -0.673

Type  : Slow Model Setup 'RL_binary:inst_rsa|mod_exp:me_1|long_div:ld_1|get_length:gl_ld|md_end'
Slack : -0.544
TNS   : -0.544

Type  : Slow Model Setup 'RL_binary:inst_rsa|mod_exp:me_2|mm_1_start'
Slack : -0.157
TNS   : -0.157

Type  : Slow Model Setup 'RL_binary:inst_rsa|mod_exp:me_2|long_div:ld_2|get_length:gl_ld|md_end'
Slack : 0.004
TNS   : 0.000

Type  : Slow Model Setup 'RL_binary:inst_rsa|get_length:gl_RL|md_end'
Slack : 0.379
TNS   : 0.000

Type  : Slow Model Setup 'RL_binary:inst_rsa|me_1_start'
Slack : 0.379
TNS   : 0.000

Type  : Slow Model Setup 'RL_binary:inst_rsa|me_2_start'
Slack : 0.379
TNS   : 0.000

Type  : Slow Model Setup 'RL_binary:inst_rsa|mod_exp:me_1|mont_mult:mm_1|md_end'
Slack : 0.379
TNS   : 0.000

Type  : Slow Model Setup 'RL_binary:inst_rsa|mod_exp:me_2|mont_mult:mm_1|md_end'
Slack : 0.379
TNS   : 0.000

Type  : Slow Model Hold 'clk'
Slack : -2.541
TNS   : -120.298

Type  : Slow Model Hold 'RL_binary:inst_rsa|me_1_start'
Slack : -0.971
TNS   : -1.503

Type  : Slow Model Hold 'RL_binary:inst_rsa|me_2_start'
Slack : -0.661
TNS   : -0.661

Type  : Slow Model Hold 'RL_binary:inst_rsa|mod_exp:me_2|long_div:ld_1|get_length:gl_ld|md_end'
Slack : -0.166
TNS   : -0.572

Type  : Slow Model Hold 'RL_binary:inst_rsa|mod_exp:me_2|mont_mult:mm_1|md_end'
Slack : -0.145
TNS   : -0.145

Type  : Slow Model Hold 'RL_binary:inst_rsa|mod_exp:me_1|long_div:ld_2|get_length:gl_ld|md_end'
Slack : 0.294
TNS   : 0.000

Type  : Slow Model Hold 'RL_binary:inst_rsa|get_length:gl_RL|md_end'
Slack : 0.391
TNS   : 0.000

Type  : Slow Model Hold 'RL_binary:inst_rsa|mod_exp:me_1|long_div:ld_1|get_length:gl_ld|md_end'
Slack : 0.391
TNS   : 0.000

Type  : Slow Model Hold 'RL_binary:inst_rsa|mod_exp:me_1|mont_mult:mm_1|md_end'
Slack : 0.391
TNS   : 0.000

Type  : Slow Model Hold 'RL_binary:inst_rsa|mod_exp:me_2|long_div:ld_2|get_length:gl_ld|md_end'
Slack : 0.391
TNS   : 0.000

Type  : Slow Model Hold 'RL_binary:inst_rsa|mod_exp:me_2|mm_1_start'
Slack : 0.391
TNS   : 0.000

Type  : Slow Model Hold 'ltp:inst_btn|state.ACT'
Slack : 0.391
TNS   : 0.000

Type  : Slow Model Minimum Pulse Width 'clk'
Slack : -1.423
TNS   : -1411.812

Type  : Slow Model Minimum Pulse Width 'ltp:inst_btn|state.ACT'
Slack : -0.500
TNS   : -99.000

Type  : Slow Model Minimum Pulse Width 'RL_binary:inst_rsa|mod_exp:me_1|long_div:ld_1|get_length:gl_ld|md_end'
Slack : -0.500
TNS   : -7.000

Type  : Slow Model Minimum Pulse Width 'RL_binary:inst_rsa|mod_exp:me_1|long_div:ld_2|get_length:gl_ld|md_end'
Slack : -0.500
TNS   : -7.000

Type  : Slow Model Minimum Pulse Width 'RL_binary:inst_rsa|mod_exp:me_2|long_div:ld_1|get_length:gl_ld|md_end'
Slack : -0.500
TNS   : -7.000

Type  : Slow Model Minimum Pulse Width 'RL_binary:inst_rsa|mod_exp:me_2|long_div:ld_2|get_length:gl_ld|md_end'
Slack : -0.500
TNS   : -7.000

Type  : Slow Model Minimum Pulse Width 'RL_binary:inst_rsa|me_1_start'
Slack : -0.500
TNS   : -2.000

Type  : Slow Model Minimum Pulse Width 'RL_binary:inst_rsa|me_2_start'
Slack : -0.500
TNS   : -2.000

Type  : Slow Model Minimum Pulse Width 'RL_binary:inst_rsa|mod_exp:me_1|mont_mult:mm_1|md_end'
Slack : -0.500
TNS   : -2.000

Type  : Slow Model Minimum Pulse Width 'RL_binary:inst_rsa|mod_exp:me_2|mont_mult:mm_1|md_end'
Slack : -0.500
TNS   : -2.000

Type  : Slow Model Minimum Pulse Width 'RL_binary:inst_rsa|get_length:gl_RL|md_end'
Slack : -0.500
TNS   : -1.000

Type  : Slow Model Minimum Pulse Width 'RL_binary:inst_rsa|mod_exp:me_2|mm_1_start'
Slack : -0.500
TNS   : -1.000

Type  : Fast Model Setup 'clk'
Slack : -6.329
TNS   : -2895.985

Type  : Fast Model Setup 'ltp:inst_btn|state.ACT'
Slack : -0.332
TNS   : -19.974

Type  : Fast Model Setup 'RL_binary:inst_rsa|mod_exp:me_1|long_div:ld_2|get_length:gl_ld|md_end'
Slack : 0.031
TNS   : 0.000

Type  : Fast Model Setup 'RL_binary:inst_rsa|mod_exp:me_2|long_div:ld_1|get_length:gl_ld|md_end'
Slack : 0.151
TNS   : 0.000

Type  : Fast Model Setup 'RL_binary:inst_rsa|mod_exp:me_1|long_div:ld_1|get_length:gl_ld|md_end'
Slack : 0.239
TNS   : 0.000

Type  : Fast Model Setup 'RL_binary:inst_rsa|mod_exp:me_2|mm_1_start'
Slack : 0.419
TNS   : 0.000

Type  : Fast Model Setup 'RL_binary:inst_rsa|mod_exp:me_2|long_div:ld_2|get_length:gl_ld|md_end'
Slack : 0.498
TNS   : 0.000

Type  : Fast Model Setup 'RL_binary:inst_rsa|get_length:gl_RL|md_end'
Slack : 0.665
TNS   : 0.000

Type  : Fast Model Setup 'RL_binary:inst_rsa|me_1_start'
Slack : 0.665
TNS   : 0.000

Type  : Fast Model Setup 'RL_binary:inst_rsa|me_2_start'
Slack : 0.665
TNS   : 0.000

Type  : Fast Model Setup 'RL_binary:inst_rsa|mod_exp:me_1|mont_mult:mm_1|md_end'
Slack : 0.665
TNS   : 0.000

Type  : Fast Model Setup 'RL_binary:inst_rsa|mod_exp:me_2|mont_mult:mm_1|md_end'
Slack : 0.665
TNS   : 0.000

Type  : Fast Model Hold 'clk'
Slack : -1.586
TNS   : -130.925

Type  : Fast Model Hold 'RL_binary:inst_rsa|me_1_start'
Slack : -0.419
TNS   : -0.630

Type  : Fast Model Hold 'RL_binary:inst_rsa|me_2_start'
Slack : -0.299
TNS   : -0.299

Type  : Fast Model Hold 'RL_binary:inst_rsa|mod_exp:me_2|mont_mult:mm_1|md_end'
Slack : -0.031
TNS   : -0.031

Type  : Fast Model Hold 'RL_binary:inst_rsa|mod_exp:me_2|long_div:ld_1|get_length:gl_ld|md_end'
Slack : -0.012
TNS   : -0.028

Type  : Fast Model Hold 'RL_binary:inst_rsa|mod_exp:me_1|long_div:ld_2|get_length:gl_ld|md_end'
Slack : 0.170
TNS   : 0.000

Type  : Fast Model Hold 'RL_binary:inst_rsa|get_length:gl_RL|md_end'
Slack : 0.215
TNS   : 0.000

Type  : Fast Model Hold 'RL_binary:inst_rsa|mod_exp:me_1|long_div:ld_1|get_length:gl_ld|md_end'
Slack : 0.215
TNS   : 0.000

Type  : Fast Model Hold 'RL_binary:inst_rsa|mod_exp:me_1|mont_mult:mm_1|md_end'
Slack : 0.215
TNS   : 0.000

Type  : Fast Model Hold 'RL_binary:inst_rsa|mod_exp:me_2|long_div:ld_2|get_length:gl_ld|md_end'
Slack : 0.215
TNS   : 0.000

Type  : Fast Model Hold 'RL_binary:inst_rsa|mod_exp:me_2|mm_1_start'
Slack : 0.215
TNS   : 0.000

Type  : Fast Model Hold 'ltp:inst_btn|state.ACT'
Slack : 0.215
TNS   : 0.000

Type  : Fast Model Minimum Pulse Width 'clk'
Slack : -1.519
TNS   : -1448.676

Type  : Fast Model Minimum Pulse Width 'ltp:inst_btn|state.ACT'
Slack : -0.500
TNS   : -99.000

Type  : Fast Model Minimum Pulse Width 'RL_binary:inst_rsa|mod_exp:me_1|long_div:ld_1|get_length:gl_ld|md_end'
Slack : -0.500
TNS   : -7.000

Type  : Fast Model Minimum Pulse Width 'RL_binary:inst_rsa|mod_exp:me_1|long_div:ld_2|get_length:gl_ld|md_end'
Slack : -0.500
TNS   : -7.000

Type  : Fast Model Minimum Pulse Width 'RL_binary:inst_rsa|mod_exp:me_2|long_div:ld_1|get_length:gl_ld|md_end'
Slack : -0.500
TNS   : -7.000

Type  : Fast Model Minimum Pulse Width 'RL_binary:inst_rsa|mod_exp:me_2|long_div:ld_2|get_length:gl_ld|md_end'
Slack : -0.500
TNS   : -7.000

Type  : Fast Model Minimum Pulse Width 'RL_binary:inst_rsa|me_1_start'
Slack : -0.500
TNS   : -2.000

Type  : Fast Model Minimum Pulse Width 'RL_binary:inst_rsa|me_2_start'
Slack : -0.500
TNS   : -2.000

Type  : Fast Model Minimum Pulse Width 'RL_binary:inst_rsa|mod_exp:me_1|mont_mult:mm_1|md_end'
Slack : -0.500
TNS   : -2.000

Type  : Fast Model Minimum Pulse Width 'RL_binary:inst_rsa|mod_exp:me_2|mont_mult:mm_1|md_end'
Slack : -0.500
TNS   : -2.000

Type  : Fast Model Minimum Pulse Width 'RL_binary:inst_rsa|get_length:gl_RL|md_end'
Slack : -0.500
TNS   : -1.000

Type  : Fast Model Minimum Pulse Width 'RL_binary:inst_rsa|mod_exp:me_2|mm_1_start'
Slack : -0.500
TNS   : -1.000

------------------------------------------------------------
